Archive member included because of file (symbol)

c:/winavr-20100110/bin/../lib/gcc/avr/4.3.3/avr5\libgcc.a(_divmodhi4.o)
                              ./hal/dcMotor.o (__divmodhi4)
c:/winavr-20100110/bin/../lib/gcc/avr/4.3.3/avr5\libgcc.a(_udivmodsi4.o)
                              ./mcal/uart.o (__udivmodsi4)
c:/winavr-20100110/bin/../lib/gcc/avr/4.3.3/avr5\libgcc.a(_exit.o)
                              c:/winavr-20100110/bin/../lib/gcc/avr/4.3.3/../../../../avr/lib/avr5/crtm32.o (exit)
c:/winavr-20100110/bin/../lib/gcc/avr/4.3.3/avr5\libgcc.a(_copy_data.o)
                              ./hal/dcMotor.o (__do_copy_data)
c:/winavr-20100110/bin/../lib/gcc/avr/4.3.3/avr5\libgcc.a(_clear_bss.o)
                              ./mcal/icu.o (__do_clear_bss)
c:/winavr-20100110/bin/../lib/gcc/avr/4.3.3/avr5\libgcc.a(_fixunssfsi.o)
                              ./hal/hmi.o (__fixunssfsi)
c:/winavr-20100110/bin/../lib/gcc/avr/4.3.3/avr5\libgcc.a(_addsub_sf.o)
                              c:/winavr-20100110/bin/../lib/gcc/avr/4.3.3/avr5\libgcc.a(_fixunssfsi.o) (__subsf3)
c:/winavr-20100110/bin/../lib/gcc/avr/4.3.3/avr5\libgcc.a(_mul_sf.o)
                              ./hal/hmi.o (__mulsf3)
c:/winavr-20100110/bin/../lib/gcc/avr/4.3.3/avr5\libgcc.a(_div_sf.o)
                              ./hal/lcd.o (__divsf3)
c:/winavr-20100110/bin/../lib/gcc/avr/4.3.3/avr5\libgcc.a(_gt_sf.o)
                              ./hal/hmi.o (__gtsf2)
c:/winavr-20100110/bin/../lib/gcc/avr/4.3.3/avr5\libgcc.a(_ge_sf.o)
                              c:/winavr-20100110/bin/../lib/gcc/avr/4.3.3/avr5\libgcc.a(_fixunssfsi.o) (__gesf2)
c:/winavr-20100110/bin/../lib/gcc/avr/4.3.3/avr5\libgcc.a(_lt_sf.o)
                              ./hal/hmi.o (__ltsf2)
c:/winavr-20100110/bin/../lib/gcc/avr/4.3.3/avr5\libgcc.a(_sf_to_si.o)
                              c:/winavr-20100110/bin/../lib/gcc/avr/4.3.3/avr5\libgcc.a(_fixunssfsi.o) (__fixsfsi)
c:/winavr-20100110/bin/../lib/gcc/avr/4.3.3/avr5\libgcc.a(_thenan_sf.o)
                              c:/winavr-20100110/bin/../lib/gcc/avr/4.3.3/avr5\libgcc.a(_addsub_sf.o) (__thenan_sf)
c:/winavr-20100110/bin/../lib/gcc/avr/4.3.3/avr5\libgcc.a(_udivmodhi4.o)
                              c:/winavr-20100110/bin/../lib/gcc/avr/4.3.3/avr5\libgcc.a(_divmodhi4.o) (__udivmodhi4)
c:/winavr-20100110/bin/../lib/gcc/avr/4.3.3/avr5\libgcc.a(_prologue.o)
                              c:/winavr-20100110/bin/../lib/gcc/avr/4.3.3/avr5\libgcc.a(_addsub_sf.o) (__prologue_saves__)
c:/winavr-20100110/bin/../lib/gcc/avr/4.3.3/avr5\libgcc.a(_epilogue.o)
                              c:/winavr-20100110/bin/../lib/gcc/avr/4.3.3/avr5\libgcc.a(_addsub_sf.o) (__epilogue_restores__)
c:/winavr-20100110/bin/../lib/gcc/avr/4.3.3/avr5\libgcc.a(_pack_sf.o)
                              c:/winavr-20100110/bin/../lib/gcc/avr/4.3.3/avr5\libgcc.a(_addsub_sf.o) (__pack_f)
c:/winavr-20100110/bin/../lib/gcc/avr/4.3.3/avr5\libgcc.a(_unpack_sf.o)
                              c:/winavr-20100110/bin/../lib/gcc/avr/4.3.3/avr5\libgcc.a(_addsub_sf.o) (__unpack_f)
c:/winavr-20100110/bin/../lib/gcc/avr/4.3.3/avr5\libgcc.a(_fpcmp_parts_sf.o)
                              c:/winavr-20100110/bin/../lib/gcc/avr/4.3.3/avr5\libgcc.a(_gt_sf.o) (__fpcmp_parts_f)
c:/winavr-20100110/bin/../lib/gcc/avr/4.3.3/../../../../avr/lib/avr5\libc.a(itoa.o)
                              ./hal/lcd.o (itoa)
c:/winavr-20100110/bin/../lib/gcc/avr/4.3.3/../../../../avr/lib/avr5\libc.a(strrev.o)
                              c:/winavr-20100110/bin/../lib/gcc/avr/4.3.3/../../../../avr/lib/avr5\libc.a(itoa.o) (strrev)

Allocating common symbols
Common symbol       size              file

g_pass              0x6               ./hal/hmi.o

Memory Configuration

Name             Origin             Length             Attributes
text             0x00000000         0x00020000         xr
data             0x00800060         0x0000ffa0         rw !x
eeprom           0x00810000         0x00010000         rw !x
fuse             0x00820000         0x00000400         rw !x
lock             0x00830000         0x00000400         rw !x
signature        0x00840000         0x00000400         rw !x
*default*        0x00000000         0xffffffff

Linker script and memory map

LOAD c:/winavr-20100110/bin/../lib/gcc/avr/4.3.3/../../../../avr/lib/avr5/crtm32.o
LOAD ./mcal/gpio.o
LOAD ./mcal/icu.o
LOAD ./mcal/timer_0.o
LOAD ./mcal/timer_2.o
LOAD ./mcal/twi.o
LOAD ./mcal/uart.o
LOAD ./hal/buzzer.o
LOAD ./hal/dcMotor.o
LOAD ./hal/external_eeprom.o
LOAD ./hal/hmi.o
LOAD ./hal/lcd.o
LOAD ./hal/pir.o
LOAD ./app/ctrlapp.o
LOAD c:/winavr-20100110/bin/../lib/gcc/avr/4.3.3/avr5\libgcc.a
LOAD c:/winavr-20100110/bin/../lib/gcc/avr/4.3.3/../../../../avr/lib/avr5\libc.a
LOAD c:/winavr-20100110/bin/../lib/gcc/avr/4.3.3/avr5\libgcc.a

.hash
 *(.hash)

.dynsym
 *(.dynsym)

.dynstr
 *(.dynstr)

.gnu.version
 *(.gnu.version)

.gnu.version_d
 *(.gnu.version_d)

.gnu.version_r
 *(.gnu.version_r)

.rel.init
 *(.rel.init)

.rela.init
 *(.rela.init)

.rel.text
 *(.rel.text)
 *(.rel.text.*)
 *(.rel.gnu.linkonce.t*)

.rela.text
 *(.rela.text)
 *(.rela.text.*)
 *(.rela.gnu.linkonce.t*)

.rel.fini
 *(.rel.fini)

.rela.fini
 *(.rela.fini)

.rel.rodata
 *(.rel.rodata)
 *(.rel.rodata.*)
 *(.rel.gnu.linkonce.r*)

.rela.rodata
 *(.rela.rodata)
 *(.rela.rodata.*)
 *(.rela.gnu.linkonce.r*)

.rel.data
 *(.rel.data)
 *(.rel.data.*)
 *(.rel.gnu.linkonce.d*)

.rela.data
 *(.rela.data)
 *(.rela.data.*)
 *(.rela.gnu.linkonce.d*)

.rel.ctors
 *(.rel.ctors)

.rela.ctors
 *(.rela.ctors)

.rel.dtors
 *(.rel.dtors)

.rela.dtors
 *(.rela.dtors)

.rel.got
 *(.rel.got)

.rela.got
 *(.rela.got)

.rel.bss
 *(.rel.bss)

.rela.bss
 *(.rela.bss)

.rel.plt
 *(.rel.plt)

.rela.plt
 *(.rela.plt)

.text           0x00000000     0x4276
 *(.vectors)
 .vectors       0x00000000       0x54 c:/winavr-20100110/bin/../lib/gcc/avr/4.3.3/../../../../avr/lib/avr5/crtm32.o
                0x00000000                __vectors
                0x00000000                __vector_default
 *(.vectors)
 *(.progmem.gcc*)
 *(.progmem*)
 .progmem.data  0x00000054       0xe0 ./mcal/gpio.o
                0x00000054                ioPins
                0x00000134                . = ALIGN (0x2)
                0x00000134                __trampolines_start = .
 *(.trampolines)
 .trampolines   0x00000134        0x0 linker stubs
 *(.trampolines*)
                0x00000134                __trampolines_end = .
 *(.jumptables)
 *(.jumptables*)
 *(.lowtext)
 *(.lowtext*)
                0x00000134                __ctors_start = .
 *(.ctors)
                0x00000134                __ctors_end = .
                0x00000134                __dtors_start = .
 *(.dtors)
                0x00000134                __dtors_end = .
 SORT(*)(.ctors)
 SORT(*)(.dtors)
 *(.init0)
 .init0         0x00000134        0x0 c:/winavr-20100110/bin/../lib/gcc/avr/4.3.3/../../../../avr/lib/avr5/crtm32.o
                0x00000134                __init
 *(.init0)
 *(.init1)
 *(.init1)
 *(.init2)
 .init2         0x00000134        0xc c:/winavr-20100110/bin/../lib/gcc/avr/4.3.3/../../../../avr/lib/avr5/crtm32.o
 *(.init2)
 *(.init3)
 *(.init3)
 *(.init4)
 .init4         0x00000140       0x16 c:/winavr-20100110/bin/../lib/gcc/avr/4.3.3/avr5\libgcc.a(_copy_data.o)
                0x00000140                __do_copy_data
 .init4         0x00000156       0x10 c:/winavr-20100110/bin/../lib/gcc/avr/4.3.3/avr5\libgcc.a(_clear_bss.o)
                0x00000156                __do_clear_bss
 *(.init4)
 *(.init5)
 *(.init5)
 *(.init6)
 *(.init6)
 *(.init7)
 *(.init7)
 *(.init8)
 *(.init8)
 *(.init9)
 .init9         0x00000166        0x8 c:/winavr-20100110/bin/../lib/gcc/avr/4.3.3/../../../../avr/lib/avr5/crtm32.o
 *(.init9)
 *(.text)
 .text          0x0000016e        0x4 c:/winavr-20100110/bin/../lib/gcc/avr/4.3.3/../../../../avr/lib/avr5/crtm32.o
                0x0000016e                __vector_1
                0x0000016e                __vector_12
                0x0000016e                __bad_interrupt
                0x0000016e                __vector_3
                0x0000016e                __vector_13
                0x0000016e                __vector_17
                0x0000016e                __vector_19
                0x0000016e                __vector_7
                0x0000016e                __vector_9
                0x0000016e                __vector_2
                0x0000016e                __vector_15
                0x0000016e                __vector_8
                0x0000016e                __vector_14
                0x0000016e                __vector_16
                0x0000016e                __vector_18
                0x0000016e                __vector_20
 .text          0x00000172        0x0 ./mcal/gpio.o
 .text          0x00000172        0x0 ./mcal/icu.o
 .text          0x00000172        0x0 ./mcal/timer_0.o
 .text          0x00000172        0x0 ./mcal/timer_2.o
 .text          0x00000172        0x0 ./mcal/twi.o
 .text          0x00000172        0x0 ./mcal/uart.o
 .text          0x00000172        0x0 ./hal/buzzer.o
 .text          0x00000172        0x0 ./hal/dcMotor.o
 .text          0x00000172        0x0 ./hal/external_eeprom.o
 .text          0x00000172        0x0 ./hal/hmi.o
 .text          0x00000172        0x0 ./hal/lcd.o
 .text          0x00000172        0x0 ./hal/pir.o
 .text          0x00000172        0x0 ./app/ctrlapp.o
 .text          0x00000172        0x0 c:/winavr-20100110/bin/../lib/gcc/avr/4.3.3/avr5\libgcc.a(_divmodhi4.o)
 .text          0x00000172        0x0 c:/winavr-20100110/bin/../lib/gcc/avr/4.3.3/avr5\libgcc.a(_udivmodsi4.o)
 .text          0x00000172        0x0 c:/winavr-20100110/bin/../lib/gcc/avr/4.3.3/avr5\libgcc.a(_exit.o)
 .text          0x00000172        0x0 c:/winavr-20100110/bin/../lib/gcc/avr/4.3.3/avr5\libgcc.a(_copy_data.o)
 .text          0x00000172        0x0 c:/winavr-20100110/bin/../lib/gcc/avr/4.3.3/avr5\libgcc.a(_clear_bss.o)
 .text          0x00000172       0x58 c:/winavr-20100110/bin/../lib/gcc/avr/4.3.3/avr5\libgcc.a(_fixunssfsi.o)
                0x00000172                __fixunssfsi
 .text          0x000001ca      0x354 c:/winavr-20100110/bin/../lib/gcc/avr/4.3.3/avr5\libgcc.a(_addsub_sf.o)
                0x00000462                __subsf3
                0x000004c4                __addsf3
 .text          0x0000051e      0x1f4 c:/winavr-20100110/bin/../lib/gcc/avr/4.3.3/avr5\libgcc.a(_mul_sf.o)
                0x0000051e                __mulsf3
 .text          0x00000712      0x158 c:/winavr-20100110/bin/../lib/gcc/avr/4.3.3/avr5\libgcc.a(_div_sf.o)
                0x00000712                __divsf3
 .text          0x0000086a       0x60 c:/winavr-20100110/bin/../lib/gcc/avr/4.3.3/avr5\libgcc.a(_gt_sf.o)
                0x0000086a                __gtsf2
 .text          0x000008ca       0x60 c:/winavr-20100110/bin/../lib/gcc/avr/4.3.3/avr5\libgcc.a(_ge_sf.o)
                0x000008ca                __gesf2
 .text          0x0000092a       0x60 c:/winavr-20100110/bin/../lib/gcc/avr/4.3.3/avr5\libgcc.a(_lt_sf.o)
                0x0000092a                __ltsf2
 .text          0x0000098a       0xa8 c:/winavr-20100110/bin/../lib/gcc/avr/4.3.3/avr5\libgcc.a(_sf_to_si.o)
                0x0000098a                __fixsfsi
 .text          0x00000a32        0x0 c:/winavr-20100110/bin/../lib/gcc/avr/4.3.3/avr5\libgcc.a(_thenan_sf.o)
 .text          0x00000a32        0x0 c:/winavr-20100110/bin/../lib/gcc/avr/4.3.3/avr5\libgcc.a(_udivmodhi4.o)
 .text          0x00000a32        0x0 c:/winavr-20100110/bin/../lib/gcc/avr/4.3.3/avr5\libgcc.a(_prologue.o)
 .text          0x00000a32        0x0 c:/winavr-20100110/bin/../lib/gcc/avr/4.3.3/avr5\libgcc.a(_epilogue.o)
 .text          0x00000a32      0x1aa c:/winavr-20100110/bin/../lib/gcc/avr/4.3.3/avr5\libgcc.a(_pack_sf.o)
                0x00000a32                __pack_f
 .text          0x00000bdc       0xf0 c:/winavr-20100110/bin/../lib/gcc/avr/4.3.3/avr5\libgcc.a(_unpack_sf.o)
                0x00000bdc                __unpack_f
 .text          0x00000ccc       0xb2 c:/winavr-20100110/bin/../lib/gcc/avr/4.3.3/avr5\libgcc.a(_fpcmp_parts_sf.o)
                0x00000ccc                __fpcmp_parts_f
 .text          0x00000d7e        0x0 c:/winavr-20100110/bin/../lib/gcc/avr/4.3.3/../../../../avr/lib/avr5\libc.a(itoa.o)
 .text          0x00000d7e        0x0 c:/winavr-20100110/bin/../lib/gcc/avr/4.3.3/../../../../avr/lib/avr5\libc.a(strrev.o)
                0x00000d7e                . = ALIGN (0x2)
 *(.text.*)
 .text.PGM_readPtrToRam
                0x00000d7e       0x2e ./mcal/gpio.o
 .text.GPIO_setupPortDirection
                0x00000dac       0x88 ./mcal/gpio.o
                0x00000dac                GPIO_setupPortDirection
 .text.GPIO_writePort
                0x00000e34       0x88 ./mcal/gpio.o
                0x00000e34                GPIO_writePort
 .text.GPIO_setupPinDirection
                0x00000ebc      0x38e ./mcal/gpio.o
                0x00000ebc                GPIO_setupPinDirection
 .text.GPIO_writePin
                0x0000124a      0x1c6 ./mcal/gpio.o
                0x0000124a                GPIO_writePin
 .text.GPIO_tooglePin
                0x00001410       0xfa ./mcal/gpio.o
                0x00001410                GPIO_tooglePin
 .text.GPIO_readPin
                0x0000150a      0x15a ./mcal/gpio.o
                0x0000150a                GPIO_readPin
 .text.GPIO_ARR_setPinState
                0x00001664       0xdc ./mcal/gpio.o
                0x00001664                GPIO_ARR_setPinState
 .text.GPIO_ARR_setPinDirection
                0x00001740      0x15c ./mcal/gpio.o
                0x00001740                GPIO_ARR_setPinDirection
 .text.GPIO_ARR_readPin
                0x0000189c       0xc0 ./mcal/gpio.o
                0x0000189c                GPIO_ARR_readPin
 .text.__vector_6
                0x0000195c       0x66 ./mcal/icu.o
                0x0000195c                __vector_6
 .text.ICU_init
                0x000019c2       0x96 ./mcal/icu.o
                0x000019c2                ICU_init
 .text.ICU_setCallBack
                0x00001a58       0x24 ./mcal/icu.o
                0x00001a58                ICU_setCallBack
 .text.ICU_setEdgeDetectionType
                0x00001a7c       0x3e ./mcal/icu.o
                0x00001a7c                ICU_setEdgeDetectionType
 .text.ICU_getInputCaptureValue
                0x00001aba       0x16 ./mcal/icu.o
                0x00001aba                ICU_getInputCaptureValue
 .text.ICU_clearTimerValue
                0x00001ad0       0x16 ./mcal/icu.o
                0x00001ad0                ICU_clearTimerValue
 .text.ICU_deInit
                0x00001ae6       0x3c ./mcal/icu.o
                0x00001ae6                ICU_deInit
 .text.ICU_interruptOn
                0x00001b22       0x18 ./mcal/icu.o
                0x00001b22                ICU_interruptOn
 .text.ICU_interruptOff
                0x00001b3a       0x18 ./mcal/icu.o
                0x00001b3a                ICU_interruptOff
 .text.Timer0_init
                0x00001b52      0x1d4 ./mcal/timer_0.o
                0x00001b52                Timer0_init
 .text.Timer0_setCallback
                0x00001d26       0x24 ./mcal/timer_0.o
                0x00001d26                Timer0_setCallback
 .text.Timer0_setDutyCycle
                0x00001d4a       0x1c ./mcal/timer_0.o
                0x00001d4a                Timer0_setDutyCycle
 .text.__vector_10
                0x00001d66       0x66 ./mcal/timer_0.o
                0x00001d66                __vector_10
 .text.__vector_11
                0x00001dcc       0x66 ./mcal/timer_0.o
                0x00001dcc                __vector_11
 .text.Timer2_init
                0x00001e32      0x1e8 ./mcal/timer_2.o
                0x00001e32                Timer2_init
 .text.Timer2_setCallback
                0x0000201a       0x24 ./mcal/timer_2.o
                0x0000201a                Timer2_setCallback
 .text.Timer2_setDutyCycle
                0x0000203e       0x1c ./mcal/timer_2.o
                0x0000203e                Timer2_setDutyCycle
 .text.Timer2_stop
                0x0000205a       0x1c ./mcal/timer_2.o
                0x0000205a                Timer2_stop
 .text.Timer2_resume
                0x00002076       0x32 ./mcal/timer_2.o
                0x00002076                Timer2_resume
 .text.__vector_4
                0x000020a8       0x66 ./mcal/timer_2.o
                0x000020a8                __vector_4
 .text.__vector_5
                0x0000210e       0x66 ./mcal/timer_2.o
                0x0000210e                __vector_5
 .text.TWI_init
                0x00002174       0x2c ./mcal/twi.o
                0x00002174                TWI_init
 .text.TWI_start
                0x000021a0       0x20 ./mcal/twi.o
                0x000021a0                TWI_start
 .text.TWI_stop
                0x000021c0       0x16 ./mcal/twi.o
                0x000021c0                TWI_stop
 .text.TWI_writeByte
                0x000021d6       0x2e ./mcal/twi.o
                0x000021d6                TWI_writeByte
 .text.TWI_readByteWithACK
                0x00002204       0x26 ./mcal/twi.o
                0x00002204                TWI_readByteWithACK
 .text.TWI_readByteWithNACK
                0x0000222a       0x26 ./mcal/twi.o
                0x0000222a                TWI_readByteWithNACK
 .text.TWI_getStatus
                0x00002250       0x1e ./mcal/twi.o
                0x00002250                TWI_getStatus
 .text.UART_init
                0x0000226e      0x1ae ./mcal/uart.o
                0x0000226e                UART_init
 .text.UART_sendByte
                0x0000241c       0x28 ./mcal/uart.o
                0x0000241c                UART_sendByte
 .text.UART_receiveByte
                0x00002444       0x24 ./mcal/uart.o
                0x00002444                UART_receiveByte
 .text.UART_sendString
                0x00002468       0x58 ./mcal/uart.o
                0x00002468                UART_sendString
 .text.UART_receiveString
                0x000024c0       0x8e ./mcal/uart.o
                0x000024c0                UART_receiveString
 .text.Buzzer_init
                0x0000254e       0x16 ./hal/buzzer.o
                0x0000254e                Buzzer_init
 .text.Buzzer_on
                0x00002564       0x16 ./hal/buzzer.o
                0x00002564                Buzzer_on
 .text.Buzzer_off
                0x0000257a       0x16 ./hal/buzzer.o
                0x0000257a                Buzzer_off
 .text.DcMotor_Timer2_ISR
                0x00002590       0x4c ./hal/dcMotor.o
                0x00002590                DcMotor_Timer2_ISR
 .text.Reset_Timer2Conter
                0x000025dc       0x26 ./hal/dcMotor.o
 .text.DcMotor_init
                0x00002602       0x62 ./hal/dcMotor.o
                0x00002602                DcMotor_init
 .text.DcMotor_rotate
                0x00002664      0x10e ./hal/dcMotor.o
                0x00002664                DcMotor_rotate
 .text.DcMotor_OnForTime
                0x00002772       0x62 ./hal/dcMotor.o
                0x00002772                DcMotor_OnForTime
 .text.EEPROM_writeByte
                0x000027d4       0x82 ./hal/external_eeprom.o
                0x000027d4                EEPROM_writeByte
 .text.EEPROM_readByte
                0x00002856       0xc0 ./hal/external_eeprom.o
                0x00002856                EEPROM_readByte
 .text.HMI_recievePassword
                0x00002916       0x80 ./hal/hmi.o
 .text.HMI_init
                0x00002996       0x76 ./hal/hmi.o
                0x00002996                HMI_init
 .text.HMI_ready
                0x00002a0c       0x26 ./hal/hmi.o
                0x00002a0c                HMI_ready
 .text.HMI_checkPassMatch
                0x00002a32       0xfc ./hal/hmi.o
                0x00002a32                HMI_checkPassMatch
 .text.HMI_checkPass
                0x00002b2e       0x96 ./hal/hmi.o
                0x00002b2e                HMI_checkPass
 .text.MEM_getPassElem
                0x00002bc4       0x2c ./hal/hmi.o
                0x00002bc4                MEM_getPassElem
 .text.MEM_savePass
                0x00002bf0      0x144 ./hal/hmi.o
                0x00002bf0                MEM_savePass
 .text.OpenDoor
                0x00002d34       0x20 ./hal/hmi.o
                0x00002d34                OpenDoor
 .text.CloseDoor
                0x00002d54       0x20 ./hal/hmi.o
                0x00002d54                CloseDoor
 .text.waitForPeople
                0x00002d74      0x118 ./hal/hmi.o
                0x00002d74                waitForPeople
 .text.LCD_sendCommand
                0x00002e8c      0x764 ./hal/lcd.o
                0x00002e8c                LCD_sendCommand
 .text.LCD_displayChar
                0x000035f0      0x764 ./hal/lcd.o
                0x000035f0                LCD_displayChar
 .text.LCD_init
                0x00003d54      0x13c ./hal/lcd.o
                0x00003d54                LCD_init
 .text.LCD_displayString
                0x00003e90       0x76 ./hal/lcd.o
                0x00003e90                LCD_displayString
 .text.LCD_moveCursor
                0x00003f06       0x84 ./hal/lcd.o
                0x00003f06                LCD_moveCursor
 .text.LCD_displayStringRowColumn
                0x00003f8a       0x32 ./hal/lcd.o
                0x00003f8a                LCD_displayStringRowColumn
 .text.LCD_intgerToString
                0x00003fbc       0x46 ./hal/lcd.o
                0x00003fbc                LCD_intgerToString
 .text.LCD_clearScreen
                0x00004002       0x14 ./hal/lcd.o
                0x00004002                LCD_clearScreen
 .text.PIR_init
                0x00004016       0x16 ./hal/pir.o
                0x00004016                PIR_init
 .text.PIR_read
                0x0000402c       0x14 ./hal/pir.o
                0x0000402c                PIR_read
 .text.main     0x00004040       0xd0 ./app/ctrlapp.o
                0x00004040                main
 .text.libgcc   0x00004110       0x26 c:/winavr-20100110/bin/../lib/gcc/avr/4.3.3/avr5\libgcc.a(_divmodhi4.o)
                0x00004110                __divmodhi4
                0x00004110                _div
 .text.libgcc   0x00004136       0x44 c:/winavr-20100110/bin/../lib/gcc/avr/4.3.3/avr5\libgcc.a(_udivmodsi4.o)
                0x00004136                __udivmodsi4
 .text.libgcc   0x0000417a        0x0 c:/winavr-20100110/bin/../lib/gcc/avr/4.3.3/avr5\libgcc.a(_exit.o)
 .text.libgcc   0x0000417a        0x0 c:/winavr-20100110/bin/../lib/gcc/avr/4.3.3/avr5\libgcc.a(_copy_data.o)
 .text.libgcc   0x0000417a        0x0 c:/winavr-20100110/bin/../lib/gcc/avr/4.3.3/avr5\libgcc.a(_clear_bss.o)
 .text.libgcc   0x0000417a       0x28 c:/winavr-20100110/bin/../lib/gcc/avr/4.3.3/avr5\libgcc.a(_udivmodhi4.o)
                0x0000417a                __udivmodhi4
 .text.libgcc   0x000041a2       0x38 c:/winavr-20100110/bin/../lib/gcc/avr/4.3.3/avr5\libgcc.a(_prologue.o)
                0x000041a2                __prologue_saves__
 .text.libgcc   0x000041da       0x36 c:/winavr-20100110/bin/../lib/gcc/avr/4.3.3/avr5\libgcc.a(_epilogue.o)
                0x000041da                __epilogue_restores__
 .text.avr-libc
                0x00004210       0x42 c:/winavr-20100110/bin/../lib/gcc/avr/4.3.3/../../../../avr/lib/avr5\libc.a(itoa.o)
                0x00004210                itoa
 .text.avr-libc
                0x00004252       0x20 c:/winavr-20100110/bin/../lib/gcc/avr/4.3.3/../../../../avr/lib/avr5\libc.a(strrev.o)
                0x00004252                strrev
                0x00004272                . = ALIGN (0x2)
 *(.fini9)
 .fini9         0x00004272        0x0 c:/winavr-20100110/bin/../lib/gcc/avr/4.3.3/avr5\libgcc.a(_exit.o)
                0x00004272                exit
                0x00004272                _exit
 *(.fini9)
 *(.fini8)
 *(.fini8)
 *(.fini7)
 *(.fini7)
 *(.fini6)
 *(.fini6)
 *(.fini5)
 *(.fini5)
 *(.fini4)
 *(.fini4)
 *(.fini3)
 *(.fini3)
 *(.fini2)
 *(.fini2)
 *(.fini1)
 *(.fini1)
 *(.fini0)
 .fini0         0x00004272        0x4 c:/winavr-20100110/bin/../lib/gcc/avr/4.3.3/avr5\libgcc.a(_exit.o)
 *(.fini0)
                0x00004276                _etext = .

.data           0x00800060       0x58 load address 0x00004276
                0x00800060                PROVIDE (__data_start, .)
 *(.data)
 .data          0x00800060        0x0 c:/winavr-20100110/bin/../lib/gcc/avr/4.3.3/../../../../avr/lib/avr5/crtm32.o
 .data          0x00800060        0x0 ./mcal/gpio.o
 .data          0x00800060        0x0 ./mcal/icu.o
 .data          0x00800060        0x0 ./mcal/timer_0.o
 .data          0x00800060        0x0 ./mcal/timer_2.o
 .data          0x00800060        0x0 ./mcal/twi.o
 .data          0x00800060        0x0 ./mcal/uart.o
 .data          0x00800060        0x0 ./hal/buzzer.o
 .data          0x00800060       0x17 ./hal/dcMotor.o
 .data          0x00800077        0x0 ./hal/external_eeprom.o
 .data          0x00800077       0x12 ./hal/hmi.o
 .data          0x00800089        0x0 ./hal/lcd.o
 .data          0x00800089        0x0 ./hal/pir.o
 .data          0x00800089       0x10 ./app/ctrlapp.o
 .data          0x00800099        0x0 c:/winavr-20100110/bin/../lib/gcc/avr/4.3.3/avr5\libgcc.a(_divmodhi4.o)
 .data          0x00800099        0x0 c:/winavr-20100110/bin/../lib/gcc/avr/4.3.3/avr5\libgcc.a(_udivmodsi4.o)
 .data          0x00800099        0x0 c:/winavr-20100110/bin/../lib/gcc/avr/4.3.3/avr5\libgcc.a(_exit.o)
 .data          0x00800099        0x0 c:/winavr-20100110/bin/../lib/gcc/avr/4.3.3/avr5\libgcc.a(_copy_data.o)
 .data          0x00800099        0x0 c:/winavr-20100110/bin/../lib/gcc/avr/4.3.3/avr5\libgcc.a(_clear_bss.o)
 .data          0x00800099        0x0 c:/winavr-20100110/bin/../lib/gcc/avr/4.3.3/avr5\libgcc.a(_fixunssfsi.o)
 .data          0x00800099        0x0 c:/winavr-20100110/bin/../lib/gcc/avr/4.3.3/avr5\libgcc.a(_addsub_sf.o)
 .data          0x00800099        0x0 c:/winavr-20100110/bin/../lib/gcc/avr/4.3.3/avr5\libgcc.a(_mul_sf.o)
 .data          0x00800099        0x0 c:/winavr-20100110/bin/../lib/gcc/avr/4.3.3/avr5\libgcc.a(_div_sf.o)
 .data          0x00800099        0x0 c:/winavr-20100110/bin/../lib/gcc/avr/4.3.3/avr5\libgcc.a(_gt_sf.o)
 .data          0x00800099        0x0 c:/winavr-20100110/bin/../lib/gcc/avr/4.3.3/avr5\libgcc.a(_ge_sf.o)
 .data          0x00800099        0x0 c:/winavr-20100110/bin/../lib/gcc/avr/4.3.3/avr5\libgcc.a(_lt_sf.o)
 .data          0x00800099        0x0 c:/winavr-20100110/bin/../lib/gcc/avr/4.3.3/avr5\libgcc.a(_sf_to_si.o)
 .data          0x00800099        0x8 c:/winavr-20100110/bin/../lib/gcc/avr/4.3.3/avr5\libgcc.a(_thenan_sf.o)
                0x00800099                __thenan_sf
 .data          0x008000a1        0x0 c:/winavr-20100110/bin/../lib/gcc/avr/4.3.3/avr5\libgcc.a(_udivmodhi4.o)
 .data          0x008000a1        0x0 c:/winavr-20100110/bin/../lib/gcc/avr/4.3.3/avr5\libgcc.a(_prologue.o)
 .data          0x008000a1        0x0 c:/winavr-20100110/bin/../lib/gcc/avr/4.3.3/avr5\libgcc.a(_epilogue.o)
 .data          0x008000a1        0x0 c:/winavr-20100110/bin/../lib/gcc/avr/4.3.3/avr5\libgcc.a(_pack_sf.o)
 .data          0x008000a1        0x0 c:/winavr-20100110/bin/../lib/gcc/avr/4.3.3/avr5\libgcc.a(_unpack_sf.o)
 .data          0x008000a1        0x0 c:/winavr-20100110/bin/../lib/gcc/avr/4.3.3/avr5\libgcc.a(_fpcmp_parts_sf.o)
 .data          0x008000a1        0x0 c:/winavr-20100110/bin/../lib/gcc/avr/4.3.3/../../../../avr/lib/avr5\libc.a(itoa.o)
 .data          0x008000a1        0x0 c:/winavr-20100110/bin/../lib/gcc/avr/4.3.3/../../../../avr/lib/avr5\libc.a(strrev.o)
 *(.data*)
 .data.timer0_config
                0x008000a1        0x6 ./hal/dcMotor.o
                0x008000a1                timer0_config
 .data.timer2_config
                0x008000a7        0x6 ./hal/dcMotor.o
                0x008000a7                timer2_config
 *(.rodata)
 *(.rodata*)
 .rodata.C.0.1369
                0x008000ad        0xa ./hal/hmi.o
 *(.gnu.linkonce.d*)
                0x008000b8                . = ALIGN (0x2)
 *fill*         0x008000b7        0x1 00
                0x008000b8                _edata = .
                0x008000b8                PROVIDE (__data_end, .)

.bss            0x008000b8       0x14
                0x008000b8                PROVIDE (__bss_start, .)
 *(.bss)
 .bss           0x008000b8        0x0 c:/winavr-20100110/bin/../lib/gcc/avr/4.3.3/../../../../avr/lib/avr5/crtm32.o
 .bss           0x008000b8        0x0 ./mcal/gpio.o
 .bss           0x008000b8        0x0 ./mcal/icu.o
 .bss           0x008000b8        0x0 ./mcal/timer_0.o
 .bss           0x008000b8        0x0 ./mcal/timer_2.o
 .bss           0x008000b8        0x0 ./mcal/twi.o
 .bss           0x008000b8        0x0 ./mcal/uart.o
 .bss           0x008000b8        0x0 ./hal/buzzer.o
 .bss           0x008000b8        0x0 ./hal/dcMotor.o
 .bss           0x008000b8        0x0 ./hal/external_eeprom.o
 .bss           0x008000b8        0x0 ./hal/hmi.o
 .bss           0x008000b8        0x0 ./hal/lcd.o
 .bss           0x008000b8        0x0 ./hal/pir.o
 .bss           0x008000b8        0x0 ./app/ctrlapp.o
 .bss           0x008000b8        0x0 c:/winavr-20100110/bin/../lib/gcc/avr/4.3.3/avr5\libgcc.a(_divmodhi4.o)
 .bss           0x008000b8        0x0 c:/winavr-20100110/bin/../lib/gcc/avr/4.3.3/avr5\libgcc.a(_udivmodsi4.o)
 .bss           0x008000b8        0x0 c:/winavr-20100110/bin/../lib/gcc/avr/4.3.3/avr5\libgcc.a(_exit.o)
 .bss           0x008000b8        0x0 c:/winavr-20100110/bin/../lib/gcc/avr/4.3.3/avr5\libgcc.a(_copy_data.o)
 .bss           0x008000b8        0x0 c:/winavr-20100110/bin/../lib/gcc/avr/4.3.3/avr5\libgcc.a(_clear_bss.o)
 .bss           0x008000b8        0x0 c:/winavr-20100110/bin/../lib/gcc/avr/4.3.3/avr5\libgcc.a(_fixunssfsi.o)
 .bss           0x008000b8        0x0 c:/winavr-20100110/bin/../lib/gcc/avr/4.3.3/avr5\libgcc.a(_addsub_sf.o)
 .bss           0x008000b8        0x0 c:/winavr-20100110/bin/../lib/gcc/avr/4.3.3/avr5\libgcc.a(_mul_sf.o)
 .bss           0x008000b8        0x0 c:/winavr-20100110/bin/../lib/gcc/avr/4.3.3/avr5\libgcc.a(_div_sf.o)
 .bss           0x008000b8        0x0 c:/winavr-20100110/bin/../lib/gcc/avr/4.3.3/avr5\libgcc.a(_gt_sf.o)
 .bss           0x008000b8        0x0 c:/winavr-20100110/bin/../lib/gcc/avr/4.3.3/avr5\libgcc.a(_ge_sf.o)
 .bss           0x008000b8        0x0 c:/winavr-20100110/bin/../lib/gcc/avr/4.3.3/avr5\libgcc.a(_lt_sf.o)
 .bss           0x008000b8        0x0 c:/winavr-20100110/bin/../lib/gcc/avr/4.3.3/avr5\libgcc.a(_sf_to_si.o)
 .bss           0x008000b8        0x0 c:/winavr-20100110/bin/../lib/gcc/avr/4.3.3/avr5\libgcc.a(_thenan_sf.o)
 .bss           0x008000b8        0x0 c:/winavr-20100110/bin/../lib/gcc/avr/4.3.3/avr5\libgcc.a(_udivmodhi4.o)
 .bss           0x008000b8        0x0 c:/winavr-20100110/bin/../lib/gcc/avr/4.3.3/avr5\libgcc.a(_prologue.o)
 .bss           0x008000b8        0x0 c:/winavr-20100110/bin/../lib/gcc/avr/4.3.3/avr5\libgcc.a(_epilogue.o)
 .bss           0x008000b8        0x0 c:/winavr-20100110/bin/../lib/gcc/avr/4.3.3/avr5\libgcc.a(_pack_sf.o)
 .bss           0x008000b8        0x0 c:/winavr-20100110/bin/../lib/gcc/avr/4.3.3/avr5\libgcc.a(_unpack_sf.o)
 .bss           0x008000b8        0x0 c:/winavr-20100110/bin/../lib/gcc/avr/4.3.3/avr5\libgcc.a(_fpcmp_parts_sf.o)
 .bss           0x008000b8        0x0 c:/winavr-20100110/bin/../lib/gcc/avr/4.3.3/../../../../avr/lib/avr5\libc.a(itoa.o)
 .bss           0x008000b8        0x0 c:/winavr-20100110/bin/../lib/gcc/avr/4.3.3/../../../../avr/lib/avr5\libc.a(strrev.o)
 *(.bss*)
 .bss.g_callBackPtr
                0x008000b8        0x2 ./mcal/icu.o
 .bss.PTR2_Timer0_CallBack
                0x008000ba        0x2 ./mcal/timer_0.o
 .bss.PTR2_Timer2_CallBack
                0x008000bc        0x2 ./mcal/timer_2.o
 .bss.g_lastClockSource
                0x008000be        0x1 ./mcal/timer_2.o
 .bss.g_timeOutCount
                0x008000bf        0x2 ./mcal/uart.o
 .bss.g_ticks   0x008000c1        0x1 ./hal/dcMotor.o
 .bss.g_sec     0x008000c2        0x4 ./hal/dcMotor.o
 *(COMMON)
 COMMON         0x008000c6        0x6 ./hal/hmi.o
                0x008000c6                g_pass
                0x008000cc                PROVIDE (__bss_end, .)
                0x00004276                __data_load_start = LOADADDR (.data)
                0x000042ce                __data_load_end = (__data_load_start + SIZEOF (.data))

.noinit         0x008000cc        0x0
                0x008000cc                PROVIDE (__noinit_start, .)
 *(.noinit*)
                0x008000cc                PROVIDE (__noinit_end, .)
                0x008000cc                _end = .
                0x008000cc                PROVIDE (__heap_start, .)

.eeprom         0x00810000        0x0
 *(.eeprom*)
                0x00810000                __eeprom_end = .

.fuse
 *(.fuse)
 *(.lfuse)
 *(.hfuse)
 *(.efuse)

.lock
 *(.lock*)

.signature
 *(.signature*)

.stab           0x00000000     0x4a64
 *(.stab)
 .stab          0x00000000      0xc30 ./mcal/gpio.o
 .stab          0x00000c30      0x6b4 ./mcal/icu.o
                                0x900 (size before relaxing)
 .stab          0x000012e4      0x3e4 ./mcal/timer_0.o
                                0x8c4 (size before relaxing)
 .stab          0x000016c8      0x474 ./mcal/timer_2.o
                                0x954 (size before relaxing)
 .stab          0x00001b3c      0x33c ./mcal/twi.o
                                0x588 (size before relaxing)
 .stab          0x00001e78      0x45c ./mcal/uart.o
                                0x900 (size before relaxing)
 .stab          0x000022d4      0x288 ./hal/buzzer.o
                                0x294 (size before relaxing)
 .stab          0x0000255c      0x5c4 ./hal/dcMotor.o
                                0x7f8 (size before relaxing)
 .stab          0x00002b20      0x30c ./hal/external_eeprom.o
                                0x3a8 (size before relaxing)
 .stab          0x00002e2c      0x8ac ./hal/hmi.o
                                0xb1c (size before relaxing)
 .stab          0x000036d8      0xed0 ./hal/lcd.o
                               0x11b8 (size before relaxing)
 .stab          0x000045a8      0x150 ./hal/pir.o
                                0x264 (size before relaxing)
 .stab          0x000046f8      0x36c ./app/ctrlapp.o
                                0x504 (size before relaxing)

.stabstr        0x00000000     0x4867
 *(.stabstr)
 .stabstr       0x00000000     0x4867 ./mcal/gpio.o

.stab.excl
 *(.stab.excl)

.stab.exclstr
 *(.stab.exclstr)

.stab.index
 *(.stab.index)

.stab.indexstr
 *(.stab.indexstr)

.comment
 *(.comment)

.debug
 *(.debug)

.line
 *(.line)

.debug_srcinfo
 *(.debug_srcinfo)

.debug_sfnames
 *(.debug_sfnames)

.debug_aranges  0x00000000      0x160
 *(.debug_aranges)
 .debug_aranges
                0x00000000       0x20 c:/winavr-20100110/bin/../lib/gcc/avr/4.3.3/avr5\libgcc.a(_fixunssfsi.o)
 .debug_aranges
                0x00000020       0x20 c:/winavr-20100110/bin/../lib/gcc/avr/4.3.3/avr5\libgcc.a(_addsub_sf.o)
 .debug_aranges
                0x00000040       0x20 c:/winavr-20100110/bin/../lib/gcc/avr/4.3.3/avr5\libgcc.a(_mul_sf.o)
 .debug_aranges
                0x00000060       0x20 c:/winavr-20100110/bin/../lib/gcc/avr/4.3.3/avr5\libgcc.a(_div_sf.o)
 .debug_aranges
                0x00000080       0x20 c:/winavr-20100110/bin/../lib/gcc/avr/4.3.3/avr5\libgcc.a(_gt_sf.o)
 .debug_aranges
                0x000000a0       0x20 c:/winavr-20100110/bin/../lib/gcc/avr/4.3.3/avr5\libgcc.a(_ge_sf.o)
 .debug_aranges
                0x000000c0       0x20 c:/winavr-20100110/bin/../lib/gcc/avr/4.3.3/avr5\libgcc.a(_lt_sf.o)
 .debug_aranges
                0x000000e0       0x20 c:/winavr-20100110/bin/../lib/gcc/avr/4.3.3/avr5\libgcc.a(_sf_to_si.o)
 .debug_aranges
                0x00000100       0x20 c:/winavr-20100110/bin/../lib/gcc/avr/4.3.3/avr5\libgcc.a(_pack_sf.o)
 .debug_aranges
                0x00000120       0x20 c:/winavr-20100110/bin/../lib/gcc/avr/4.3.3/avr5\libgcc.a(_unpack_sf.o)
 .debug_aranges
                0x00000140       0x20 c:/winavr-20100110/bin/../lib/gcc/avr/4.3.3/avr5\libgcc.a(_fpcmp_parts_sf.o)

.debug_pubnames
                0x00000000      0x18f
 *(.debug_pubnames)
 .debug_pubnames
                0x00000000       0x23 c:/winavr-20100110/bin/../lib/gcc/avr/4.3.3/avr5\libgcc.a(_fixunssfsi.o)
 .debug_pubnames
                0x00000023       0x2c c:/winavr-20100110/bin/../lib/gcc/avr/4.3.3/avr5\libgcc.a(_addsub_sf.o)
 .debug_pubnames
                0x0000004f       0x1f c:/winavr-20100110/bin/../lib/gcc/avr/4.3.3/avr5\libgcc.a(_mul_sf.o)
 .debug_pubnames
                0x0000006e       0x1f c:/winavr-20100110/bin/../lib/gcc/avr/4.3.3/avr5\libgcc.a(_div_sf.o)
 .debug_pubnames
                0x0000008d       0x1e c:/winavr-20100110/bin/../lib/gcc/avr/4.3.3/avr5\libgcc.a(_gt_sf.o)
 .debug_pubnames
                0x000000ab       0x1e c:/winavr-20100110/bin/../lib/gcc/avr/4.3.3/avr5\libgcc.a(_ge_sf.o)
 .debug_pubnames
                0x000000c9       0x1e c:/winavr-20100110/bin/../lib/gcc/avr/4.3.3/avr5\libgcc.a(_lt_sf.o)
 .debug_pubnames
                0x000000e7       0x20 c:/winavr-20100110/bin/../lib/gcc/avr/4.3.3/avr5\libgcc.a(_sf_to_si.o)
 .debug_pubnames
                0x00000107       0x22 c:/winavr-20100110/bin/../lib/gcc/avr/4.3.3/avr5\libgcc.a(_thenan_sf.o)
 .debug_pubnames
                0x00000129       0x1f c:/winavr-20100110/bin/../lib/gcc/avr/4.3.3/avr5\libgcc.a(_pack_sf.o)
 .debug_pubnames
                0x00000148       0x21 c:/winavr-20100110/bin/../lib/gcc/avr/4.3.3/avr5\libgcc.a(_unpack_sf.o)
 .debug_pubnames
                0x00000169       0x26 c:/winavr-20100110/bin/../lib/gcc/avr/4.3.3/avr5\libgcc.a(_fpcmp_parts_sf.o)

.debug_info     0x00000000     0x2045
 *(.debug_info)
 .debug_info    0x00000000       0xb1 c:/winavr-20100110/bin/../lib/gcc/avr/4.3.3/avr5\libgcc.a(_fixunssfsi.o)
 .debug_info    0x000000b1      0x47a c:/winavr-20100110/bin/../lib/gcc/avr/4.3.3/avr5\libgcc.a(_addsub_sf.o)
 .debug_info    0x0000052b      0x485 c:/winavr-20100110/bin/../lib/gcc/avr/4.3.3/avr5\libgcc.a(_mul_sf.o)
 .debug_info    0x000009b0      0x3fc c:/winavr-20100110/bin/../lib/gcc/avr/4.3.3/avr5\libgcc.a(_div_sf.o)
 .debug_info    0x00000dac      0x27f c:/winavr-20100110/bin/../lib/gcc/avr/4.3.3/avr5\libgcc.a(_gt_sf.o)
 .debug_info    0x0000102b      0x27f c:/winavr-20100110/bin/../lib/gcc/avr/4.3.3/avr5\libgcc.a(_ge_sf.o)
 .debug_info    0x000012aa      0x27f c:/winavr-20100110/bin/../lib/gcc/avr/4.3.3/avr5\libgcc.a(_lt_sf.o)
 .debug_info    0x00001529      0x2b0 c:/winavr-20100110/bin/../lib/gcc/avr/4.3.3/avr5\libgcc.a(_sf_to_si.o)
 .debug_info    0x000017d9      0x12c c:/winavr-20100110/bin/../lib/gcc/avr/4.3.3/avr5\libgcc.a(_thenan_sf.o)
 .debug_info    0x00001905      0x2df c:/winavr-20100110/bin/../lib/gcc/avr/4.3.3/avr5\libgcc.a(_pack_sf.o)
 .debug_info    0x00001be4      0x251 c:/winavr-20100110/bin/../lib/gcc/avr/4.3.3/avr5\libgcc.a(_unpack_sf.o)
 .debug_info    0x00001e35      0x210 c:/winavr-20100110/bin/../lib/gcc/avr/4.3.3/avr5\libgcc.a(_fpcmp_parts_sf.o)
 *(.gnu.linkonce.wi.*)

.debug_abbrev   0x00000000     0x1101
 *(.debug_abbrev)
 .debug_abbrev  0x00000000       0x5d c:/winavr-20100110/bin/../lib/gcc/avr/4.3.3/avr5\libgcc.a(_fixunssfsi.o)
 .debug_abbrev  0x0000005d      0x1ea c:/winavr-20100110/bin/../lib/gcc/avr/4.3.3/avr5\libgcc.a(_addsub_sf.o)
 .debug_abbrev  0x00000247      0x21b c:/winavr-20100110/bin/../lib/gcc/avr/4.3.3/avr5\libgcc.a(_mul_sf.o)
 .debug_abbrev  0x00000462      0x216 c:/winavr-20100110/bin/../lib/gcc/avr/4.3.3/avr5\libgcc.a(_div_sf.o)
 .debug_abbrev  0x00000678      0x15a c:/winavr-20100110/bin/../lib/gcc/avr/4.3.3/avr5\libgcc.a(_gt_sf.o)
 .debug_abbrev  0x000007d2      0x15a c:/winavr-20100110/bin/../lib/gcc/avr/4.3.3/avr5\libgcc.a(_ge_sf.o)
 .debug_abbrev  0x0000092c      0x15a c:/winavr-20100110/bin/../lib/gcc/avr/4.3.3/avr5\libgcc.a(_lt_sf.o)
 .debug_abbrev  0x00000a86      0x17f c:/winavr-20100110/bin/../lib/gcc/avr/4.3.3/avr5\libgcc.a(_sf_to_si.o)
 .debug_abbrev  0x00000c05       0xad c:/winavr-20100110/bin/../lib/gcc/avr/4.3.3/avr5\libgcc.a(_thenan_sf.o)
 .debug_abbrev  0x00000cb2      0x1c0 c:/winavr-20100110/bin/../lib/gcc/avr/4.3.3/avr5\libgcc.a(_pack_sf.o)
 .debug_abbrev  0x00000e72      0x154 c:/winavr-20100110/bin/../lib/gcc/avr/4.3.3/avr5\libgcc.a(_unpack_sf.o)
 .debug_abbrev  0x00000fc6      0x13b c:/winavr-20100110/bin/../lib/gcc/avr/4.3.3/avr5\libgcc.a(_fpcmp_parts_sf.o)

.debug_line     0x00000000      0xf82
 *(.debug_line)
 .debug_line    0x00000000       0xa7 c:/winavr-20100110/bin/../lib/gcc/avr/4.3.3/avr5\libgcc.a(_fixunssfsi.o)
 .debug_line    0x000000a7      0x2af c:/winavr-20100110/bin/../lib/gcc/avr/4.3.3/avr5\libgcc.a(_addsub_sf.o)
 .debug_line    0x00000356      0x239 c:/winavr-20100110/bin/../lib/gcc/avr/4.3.3/avr5\libgcc.a(_mul_sf.o)
 .debug_line    0x0000058f      0x1d5 c:/winavr-20100110/bin/../lib/gcc/avr/4.3.3/avr5\libgcc.a(_div_sf.o)
 .debug_line    0x00000764       0xd3 c:/winavr-20100110/bin/../lib/gcc/avr/4.3.3/avr5\libgcc.a(_gt_sf.o)
 .debug_line    0x00000837       0xd3 c:/winavr-20100110/bin/../lib/gcc/avr/4.3.3/avr5\libgcc.a(_ge_sf.o)
 .debug_line    0x0000090a       0xd3 c:/winavr-20100110/bin/../lib/gcc/avr/4.3.3/avr5\libgcc.a(_lt_sf.o)
 .debug_line    0x000009dd      0x109 c:/winavr-20100110/bin/../lib/gcc/avr/4.3.3/avr5\libgcc.a(_sf_to_si.o)
 .debug_line    0x00000ae6       0x90 c:/winavr-20100110/bin/../lib/gcc/avr/4.3.3/avr5\libgcc.a(_thenan_sf.o)
 .debug_line    0x00000b76      0x18a c:/winavr-20100110/bin/../lib/gcc/avr/4.3.3/avr5\libgcc.a(_pack_sf.o)
 .debug_line    0x00000d00      0x14b c:/winavr-20100110/bin/../lib/gcc/avr/4.3.3/avr5\libgcc.a(_unpack_sf.o)
 .debug_line    0x00000e4b      0x137 c:/winavr-20100110/bin/../lib/gcc/avr/4.3.3/avr5\libgcc.a(_fpcmp_parts_sf.o)

.debug_frame    0x00000000      0x180
 *(.debug_frame)
 .debug_frame   0x00000000       0x20 c:/winavr-20100110/bin/../lib/gcc/avr/4.3.3/avr5\libgcc.a(_fixunssfsi.o)
 .debug_frame   0x00000020       0x40 c:/winavr-20100110/bin/../lib/gcc/avr/4.3.3/avr5\libgcc.a(_addsub_sf.o)
 .debug_frame   0x00000060       0x20 c:/winavr-20100110/bin/../lib/gcc/avr/4.3.3/avr5\libgcc.a(_mul_sf.o)
 .debug_frame   0x00000080       0x20 c:/winavr-20100110/bin/../lib/gcc/avr/4.3.3/avr5\libgcc.a(_div_sf.o)
 .debug_frame   0x000000a0       0x20 c:/winavr-20100110/bin/../lib/gcc/avr/4.3.3/avr5\libgcc.a(_gt_sf.o)
 .debug_frame   0x000000c0       0x20 c:/winavr-20100110/bin/../lib/gcc/avr/4.3.3/avr5\libgcc.a(_ge_sf.o)
 .debug_frame   0x000000e0       0x20 c:/winavr-20100110/bin/../lib/gcc/avr/4.3.3/avr5\libgcc.a(_lt_sf.o)
 .debug_frame   0x00000100       0x20 c:/winavr-20100110/bin/../lib/gcc/avr/4.3.3/avr5\libgcc.a(_sf_to_si.o)
 .debug_frame   0x00000120       0x20 c:/winavr-20100110/bin/../lib/gcc/avr/4.3.3/avr5\libgcc.a(_pack_sf.o)
 .debug_frame   0x00000140       0x20 c:/winavr-20100110/bin/../lib/gcc/avr/4.3.3/avr5\libgcc.a(_unpack_sf.o)
 .debug_frame   0x00000160       0x20 c:/winavr-20100110/bin/../lib/gcc/avr/4.3.3/avr5\libgcc.a(_fpcmp_parts_sf.o)

.debug_str      0x00000000      0x2c2
 *(.debug_str)
 .debug_str     0x00000000       0xbf c:/winavr-20100110/bin/../lib/gcc/avr/4.3.3/avr5\libgcc.a(_fixunssfsi.o)
                                 0xfe (size before relaxing)
 .debug_str     0x000000bf      0x14d c:/winavr-20100110/bin/../lib/gcc/avr/4.3.3/avr5\libgcc.a(_addsub_sf.o)
                                0x206 (size before relaxing)
 .debug_str     0x0000020c       0x27 c:/winavr-20100110/bin/../lib/gcc/avr/4.3.3/avr5\libgcc.a(_mul_sf.o)
                                0x1bf (size before relaxing)
 .debug_str     0x00000233       0x35 c:/winavr-20100110/bin/../lib/gcc/avr/4.3.3/avr5\libgcc.a(_div_sf.o)
                                0x1c8 (size before relaxing)
 .debug_str     0x00000268        0xf c:/winavr-20100110/bin/../lib/gcc/avr/4.3.3/avr5\libgcc.a(_gt_sf.o)
                                0x195 (size before relaxing)
 .debug_str     0x00000277        0x8 c:/winavr-20100110/bin/../lib/gcc/avr/4.3.3/avr5\libgcc.a(_ge_sf.o)
                                0x195 (size before relaxing)
 .debug_str     0x0000027f        0x8 c:/winavr-20100110/bin/../lib/gcc/avr/4.3.3/avr5\libgcc.a(_lt_sf.o)
                                0x195 (size before relaxing)
 .debug_str     0x00000287        0xa c:/winavr-20100110/bin/../lib/gcc/avr/4.3.3/avr5\libgcc.a(_sf_to_si.o)
                                0x19e (size before relaxing)
 .debug_str     0x00000000      0x103 c:/winavr-20100110/bin/../lib/gcc/avr/4.3.3/avr5\libgcc.a(_thenan_sf.o)
 .debug_str     0x00000291       0x16 c:/winavr-20100110/bin/../lib/gcc/avr/4.3.3/avr5\libgcc.a(_pack_sf.o)
                                0x19d (size before relaxing)
 .debug_str     0x000002a7        0xb c:/winavr-20100110/bin/../lib/gcc/avr/4.3.3/avr5\libgcc.a(_unpack_sf.o)
                                0x17f (size before relaxing)
 .debug_str     0x000002b2       0x10 c:/winavr-20100110/bin/../lib/gcc/avr/4.3.3/avr5\libgcc.a(_fpcmp_parts_sf.o)
                                0x163 (size before relaxing)

.debug_loc      0x00000000      0x88e
 *(.debug_loc)
 .debug_loc     0x00000000       0x34 c:/winavr-20100110/bin/../lib/gcc/avr/4.3.3/avr5\libgcc.a(_fixunssfsi.o)
 .debug_loc     0x00000034      0x32a c:/winavr-20100110/bin/../lib/gcc/avr/4.3.3/avr5\libgcc.a(_addsub_sf.o)
 .debug_loc     0x0000035e      0x104 c:/winavr-20100110/bin/../lib/gcc/avr/4.3.3/avr5\libgcc.a(_mul_sf.o)
 .debug_loc     0x00000462       0xc0 c:/winavr-20100110/bin/../lib/gcc/avr/4.3.3/avr5\libgcc.a(_div_sf.o)
 .debug_loc     0x00000522       0x3c c:/winavr-20100110/bin/../lib/gcc/avr/4.3.3/avr5\libgcc.a(_gt_sf.o)
 .debug_loc     0x0000055e       0x3c c:/winavr-20100110/bin/../lib/gcc/avr/4.3.3/avr5\libgcc.a(_ge_sf.o)
 .debug_loc     0x0000059a       0x3c c:/winavr-20100110/bin/../lib/gcc/avr/4.3.3/avr5\libgcc.a(_lt_sf.o)
 .debug_loc     0x000005d6       0x7e c:/winavr-20100110/bin/../lib/gcc/avr/4.3.3/avr5\libgcc.a(_sf_to_si.o)
 .debug_loc     0x00000654      0x13e c:/winavr-20100110/bin/../lib/gcc/avr/4.3.3/avr5\libgcc.a(_pack_sf.o)
 .debug_loc     0x00000792       0xac c:/winavr-20100110/bin/../lib/gcc/avr/4.3.3/avr5\libgcc.a(_unpack_sf.o)
 .debug_loc     0x0000083e       0x50 c:/winavr-20100110/bin/../lib/gcc/avr/4.3.3/avr5\libgcc.a(_fpcmp_parts_sf.o)

.debug_macinfo
 *(.debug_macinfo)
OUTPUT(ctrlMCU.elf elf32-avr)
LOAD linker stubs

.debug_ranges   0x00000000       0x50
 .debug_ranges  0x00000000       0x50 c:/winavr-20100110/bin/../lib/gcc/avr/4.3.3/avr5\libgcc.a(_mul_sf.o)
